app/api/ai/chat/route.ts(73,7): error TS2353: Object literal may only specify known properties, and 'maxTokens' does not exist in type 'CallSettings & (Prompt & { model: LanguageModel; tools?: ToolSet | undefined; toolChoice?: ToolChoice<ToolSet> | undefined; ... 18 more ...; _internal?: { ...; } | undefined; })'.
app/api/ai/chat/route.ts(76,19): error TS2551: Property 'toDataStreamResponse' does not exist on type 'StreamTextResult<ToolSet, Output<string, string, never>>'. Did you mean 'toTextStreamResponse'?
app/components/ai/ai-chat-modal.tsx(23,21): error TS2339: Property 'input' does not exist on type 'UseChatHelpers<UIMessage<unknown, UIDataTypes, UITools>>'.
app/components/ai/ai-chat-modal.tsx(23,28): error TS2339: Property 'handleInputChange' does not exist on type 'UseChatHelpers<UIMessage<unknown, UIDataTypes, UITools>>'.
app/components/ai/ai-chat-modal.tsx(23,47): error TS2339: Property 'handleSubmit' does not exist on type 'UseChatHelpers<UIMessage<unknown, UIDataTypes, UITools>>'.
app/components/ai/ai-chat-modal.tsx(23,61): error TS2339: Property 'isLoading' does not exist on type 'UseChatHelpers<UIMessage<unknown, UIDataTypes, UITools>>'.
app/components/ai/ai-chat-modal.tsx(23,72): error TS2339: Property 'setInput' does not exist on type 'UseChatHelpers<UIMessage<unknown, UIDataTypes, UITools>>'.
app/components/ai/ai-chat-modal.tsx(26,5): error TS2322: Type '(message: { content: any; }) => void' is not assignable to type 'ChatOnFinishCallback<UIMessage<unknown, UIDataTypes, UITools>>'.
  Types of parameters 'message' and 'options' are incompatible.
    Property 'content' is missing in type '{ message: UIMessage<unknown, UIDataTypes, UITools>; messages: UIMessage<unknown, UIDataTypes, UITools>[]; isAbort: boolean; isDisconnect: boolean; isError: boolean; finishReason?: FinishReason | undefined; }' but required in type '{ content: any; }'.
app/components/ai/ai-chat-modal.tsx(88,43): error TS2345: Argument of type '(m: { role: any; content: any; }) => string' is not assignable to parameter of type '(value: UIMessage<unknown, UIDataTypes, UITools>, index: number, array: UIMessage<unknown, UIDataTypes, UITools>[]) => string'.
  Types of parameters 'm' and 'value' are incompatible.
    Property 'content' is missing in type 'UIMessage<unknown, UIDataTypes, UITools>' but required in type '{ role: any; content: any; }'.
app/components/ai/ai-chat-modal.tsx(97,36): error TS2345: Argument of type '(m: { id: any; role: string; content: any; }) => { id: any; conversationId: string; sender: string; content: any; timestamp: string; isRead: boolean; }' is not assignable to parameter of type '(value: UIMessage<unknown, UIDataTypes, UITools>, index: number, array: UIMessage<unknown, UIDataTypes, UITools>[]) => { ...; }'.
  Types of parameters 'm' and 'value' are incompatible.
    Property 'content' is missing in type 'UIMessage<unknown, UIDataTypes, UITools>' but required in type '{ id: any; role: string; content: any; }'.
